У вас получилась хорошая работа. Ошибки есть, но они легко исправимые.

Отлично:

- код разделен по файлам
- хорошо написан блок api
- все данные загружаются, изменения сохраняются
- сделано подтверждение операции удаления
- корректно обработаны likes

Надо исправить:

- устранить дублирование js кода: сложный код должен быть написан один раз и должен переиспользоваться
- устранить дублирование строк: использовать константы вместо отдельных одинаковых строк
- разделить код сложных функций на решение маленьких задач: управление classList, добавление обработчиков событий, показ popup и другое
- обработать ошибки сервера: `if(!res.ok) return Promise.reject(`Ошибка: ${res.status}`);`
- перенести catch из api в вызывающий код и обработать ошибки
- создавать объекты один раз и переиспользовать их
- перенести детали реализации блоков из index.js в классы, обрабатывающие эти блоки
- добавить визуальное отображение длительных операций по заданию: для формы добавления новой карточки и для обновления аватара
- другие комментарии в коде

Можно лучше:

- перенести вспомогательный код из файла index.js в новые функции в файле utils.js
- использовать Promise.All для параллельной загрузки данных
- добавить новый класс Profile для управления блоком profile и перенести в него весь связанный с ним код

Важное условие: ваша работа будет принята только в случае исправления всех критических замечаний.

Желаю вам удачи в работе над комментариями и жду вашу работу на следующую проверку!
